[0.145s] DEBUG:colcon:Command line arguments: ['/usr/bin/colcon', 'build', '--symlink-install']
[0.145s] DEBUG:colcon:Parsed command line arguments: Namespace(log_base=None, log_level=None, verb_name='build', build_base='build', install_base='install', merge_install=False, symlink_install=True, test_result_base=None, continue_on_error=False, executor='parallel', parallel_workers=8, event_handlers=None, ignore_user_meta=False, metas=['./colcon.meta'], base_paths=['.'], packages_ignore=None, packages_ignore_regex=None, paths=None, packages_up_to=None, packages_up_to_regex=None, packages_above=None, packages_above_and_dependencies=None, packages_above_depth=None, packages_select_by_dep=None, packages_skip_by_dep=None, packages_skip_up_to=None, packages_select_build_failed=False, packages_skip_build_finished=False, packages_select_test_failures=False, packages_skip_test_passed=False, packages_select=None, packages_skip=None, packages_select_regex=None, packages_skip_regex=None, packages_start=None, packages_end=None, cmake_args=None, cmake_target=None, cmake_target_skip_unavailable=False, cmake_clean_cache=False, cmake_clean_first=False, cmake_force_configure=False, ament_cmake_args=None, catkin_cmake_args=None, catkin_skip_building_tests=False, mixin_files=None, mixin=None, verb_parser=<colcon_mixin.mixin.mixin_argument.MixinArgumentDecorator object at 0x7f9cef7340>, verb_extension=<colcon_core.verb.build.BuildVerb object at 0x7f9cef6d70>, main=<bound method BuildVerb.main of <colcon_core.verb.build.BuildVerb object at 0x7f9cef6d70>>, mixin_verb=('build',))
[0.308s] Level 1:colcon.colcon_core.package_discovery:discover_packages(colcon_meta) check parameters
[0.309s] INFO:colcon.colcon_metadata.package_discovery.colcon_meta:Using configuration from '/root/.colcon/metadata/default/Gazebo.meta'
[0.309s] INFO:colcon.colcon_metadata.package_discovery.colcon_meta:Using configuration from '/root/.colcon/metadata/default/fastdds.meta'
[0.310s] INFO:colcon.colcon_metadata.package_discovery.colcon_meta:Using configuration from '/root/.colcon/metadata/default/fastrtps.meta'
[0.310s] Level 1:colcon.colcon_core.package_discovery:discover_packages(recursive) check parameters
[0.310s] Level 1:colcon.colcon_core.package_discovery:discover_packages(ignore) check parameters
[0.310s] Level 1:colcon.colcon_core.package_discovery:discover_packages(path) check parameters
[0.310s] Level 1:colcon.colcon_core.package_discovery:discover_packages(colcon_meta) discover
[0.310s] Level 1:colcon.colcon_core.package_discovery:discover_packages(recursive) discover
[0.310s] INFO:colcon.colcon_core.package_discovery:Crawling recursively for packages in '/root/work/wyx/lqp/Codes/robosense_ws'
[0.310s] Level 1:colcon.colcon_core.package_identification:_identify(.) by extensions ['ignore', 'ignore_ament_install']
[0.311s] Level 1:colcon.colcon_core.package_identification:_identify(.) by extension 'ignore'
[0.311s] Level 1:colcon.colcon_core.package_identification:_identify(.) by extension 'ignore_ament_install'
[0.311s] Level 1:colcon.colcon_core.package_identification:_identify(.) by extensions ['colcon_pkg']
[0.311s] Level 1:colcon.colcon_core.package_identification:_identify(.) by extension 'colcon_pkg'
[0.311s] Level 1:colcon.colcon_core.package_identification:_identify(.) by extensions ['colcon_meta']
[0.311s] Level 1:colcon.colcon_core.package_identification:_identify(.) by extension 'colcon_meta'
[0.311s] Level 1:colcon.colcon_core.package_identification:_identify(.) by extensions ['ros']
[0.311s] Level 1:colcon.colcon_core.package_identification:_identify(.) by extension 'ros'
[0.328s] Level 1:colcon.colcon_core.package_identification:_identify(.) by extensions ['cmake', 'python']
[0.328s] Level 1:colcon.colcon_core.package_identification:_identify(.) by extension 'cmake'
[0.328s] Level 1:colcon.colcon_core.package_identification:_identify(.) by extension 'python'
[0.328s] Level 1:colcon.colcon_core.package_identification:_identify(.) by extensions ['python_setup_py']
[0.328s] Level 1:colcon.colcon_core.package_identification:_identify(.) by extension 'python_setup_py'
[0.328s] Level 1:colcon.colcon_core.package_identification:_identify(build) by extensions ['ignore', 'ignore_ament_install']
[0.328s] Level 1:colcon.colcon_core.package_identification:_identify(build) by extension 'ignore'
[0.328s] Level 1:colcon.colcon_core.package_identification:_identify(build) ignored
[0.329s] Level 1:colcon.colcon_core.package_identification:_identify(install) by extensions ['ignore', 'ignore_ament_install']
[0.329s] Level 1:colcon.colcon_core.package_identification:_identify(install) by extension 'ignore'
[0.329s] Level 1:colcon.colcon_core.package_identification:_identify(install) ignored
[0.329s] Level 1:colcon.colcon_core.package_identification:_identify(log) by extensions ['ignore', 'ignore_ament_install']
[0.329s] Level 1:colcon.colcon_core.package_identification:_identify(log) by extension 'ignore'
[0.329s] Level 1:colcon.colcon_core.package_identification:_identify(log) ignored
[0.329s] Level 1:colcon.colcon_core.package_identification:_identify(src) by extensions ['ignore', 'ignore_ament_install']
[0.329s] Level 1:colcon.colcon_core.package_identification:_identify(src) by extension 'ignore'
[0.329s] Level 1:colcon.colcon_core.package_identification:_identify(src) by extension 'ignore_ament_install'
[0.329s] Level 1:colcon.colcon_core.package_identification:_identify(src) by extensions ['colcon_pkg']
[0.329s] Level 1:colcon.colcon_core.package_identification:_identify(src) by extension 'colcon_pkg'
[0.329s] Level 1:colcon.colcon_core.package_identification:_identify(src) by extensions ['colcon_meta']
[0.329s] Level 1:colcon.colcon_core.package_identification:_identify(src) by extension 'colcon_meta'
[0.329s] Level 1:colcon.colcon_core.package_identification:_identify(src) by extensions ['ros']
[0.329s] Level 1:colcon.colcon_core.package_identification:_identify(src) by extension 'ros'
[0.330s] Level 1:colcon.colcon_core.package_identification:_identify(src) by extensions ['cmake', 'python']
[0.330s] Level 1:colcon.colcon_core.package_identification:_identify(src) by extension 'cmake'
[0.330s] Level 1:colcon.colcon_core.package_identification:_identify(src) by extension 'python'
[0.330s] Level 1:colcon.colcon_core.package_identification:_identify(src) by extensions ['python_setup_py']
[0.330s] Level 1:colcon.colcon_core.package_identification:_identify(src) by extension 'python_setup_py'
[0.330s] Level 1:colcon.colcon_core.package_identification:_identify(src/rslidar_msg) by extensions ['ignore', 'ignore_ament_install']
[0.330s] Level 1:colcon.colcon_core.package_identification:_identify(src/rslidar_msg) by extension 'ignore'
[0.330s] Level 1:colcon.colcon_core.package_identification:_identify(src/rslidar_msg) by extension 'ignore_ament_install'
[0.330s] Level 1:colcon.colcon_core.package_identification:_identify(src/rslidar_msg) by extensions ['colcon_pkg']
[0.330s] Level 1:colcon.colcon_core.package_identification:_identify(src/rslidar_msg) by extension 'colcon_pkg'
[0.330s] Level 1:colcon.colcon_core.package_identification:_identify(src/rslidar_msg) by extensions ['colcon_meta']
[0.330s] Level 1:colcon.colcon_core.package_identification:_identify(src/rslidar_msg) by extension 'colcon_meta'
[0.330s] Level 1:colcon.colcon_core.package_identification:_identify(src/rslidar_msg) by extensions ['ros']
[0.330s] Level 1:colcon.colcon_core.package_identification:_identify(src/rslidar_msg) by extension 'ros'
[0.338s] DEBUG:colcon.colcon_core.package_identification:Package 'src/rslidar_msg' with type 'ros.ament_cmake' and name 'rslidar_msg'
[0.338s] Level 1:colcon.colcon_core.package_identification:_identify(src/rslidar_sdk) by extensions ['ignore', 'ignore_ament_install']
[0.338s] Level 1:colcon.colcon_core.package_identification:_identify(src/rslidar_sdk) by extension 'ignore'
[0.339s] Level 1:colcon.colcon_core.package_identification:_identify(src/rslidar_sdk) by extension 'ignore_ament_install'
[0.339s] Level 1:colcon.colcon_core.package_identification:_identify(src/rslidar_sdk) by extensions ['colcon_pkg']
[0.339s] Level 1:colcon.colcon_core.package_identification:_identify(src/rslidar_sdk) by extension 'colcon_pkg'
[0.339s] Level 1:colcon.colcon_core.package_identification:_identify(src/rslidar_sdk) by extensions ['colcon_meta']
[0.339s] Level 1:colcon.colcon_core.package_identification:_identify(src/rslidar_sdk) by extension 'colcon_meta'
[0.339s] Level 1:colcon.colcon_core.package_identification:_identify(src/rslidar_sdk) by extensions ['ros']
[0.339s] Level 1:colcon.colcon_core.package_identification:_identify(src/rslidar_sdk) by extension 'ros'
[0.347s] DEBUG:colcon.colcon_core.package_identification:Package 'src/rslidar_sdk' with type 'ros.ament_cmake' and name 'rslidar_sdk'
[0.347s] Level 1:colcon.colcon_core.package_discovery:discover_packages(recursive) using defaults
[0.347s] Level 1:colcon.colcon_core.package_discovery:discover_packages(ignore) discover
[0.347s] Level 1:colcon.colcon_core.package_discovery:discover_packages(ignore) using defaults
[0.347s] Level 1:colcon.colcon_core.package_discovery:discover_packages(path) discover
[0.347s] Level 1:colcon.colcon_core.package_discovery:discover_packages(path) using defaults
[0.372s] Level 5:colcon.colcon_core.verb:set package 'rslidar_msg' build argument 'cmake_args' from command line to 'None'
[0.372s] Level 5:colcon.colcon_core.verb:set package 'rslidar_msg' build argument 'cmake_target' from command line to 'None'
[0.372s] Level 5:colcon.colcon_core.verb:set package 'rslidar_msg' build argument 'cmake_target_skip_unavailable' from command line to 'False'
[0.372s] Level 5:colcon.colcon_core.verb:set package 'rslidar_msg' build argument 'cmake_clean_cache' from command line to 'False'
[0.372s] Level 5:colcon.colcon_core.verb:set package 'rslidar_msg' build argument 'cmake_clean_first' from command line to 'False'
[0.372s] Level 5:colcon.colcon_core.verb:set package 'rslidar_msg' build argument 'cmake_force_configure' from command line to 'False'
[0.372s] Level 5:colcon.colcon_core.verb:set package 'rslidar_msg' build argument 'ament_cmake_args' from command line to 'None'
[0.372s] Level 5:colcon.colcon_core.verb:set package 'rslidar_msg' build argument 'catkin_cmake_args' from command line to 'None'
[0.372s] Level 5:colcon.colcon_core.verb:set package 'rslidar_msg' build argument 'catkin_skip_building_tests' from command line to 'False'
[0.372s] DEBUG:colcon.colcon_core.verb:Building package 'rslidar_msg' with the following arguments: {'ament_cmake_args': None, 'build_base': '/root/work/wyx/lqp/Codes/robosense_ws/build/rslidar_msg', 'catkin_cmake_args': None, 'catkin_skip_building_tests': False, 'cmake_args': None, 'cmake_clean_cache': False, 'cmake_clean_first': False, 'cmake_force_configure': False, 'cmake_target': None, 'cmake_target_skip_unavailable': False, 'install_base': '/root/work/wyx/lqp/Codes/robosense_ws/install/rslidar_msg', 'merge_install': False, 'path': '/root/work/wyx/lqp/Codes/robosense_ws/src/rslidar_msg', 'symlink_install': True, 'test_result_base': None}
[0.373s] Level 5:colcon.colcon_core.verb:set package 'rslidar_sdk' build argument 'cmake_args' from command line to 'None'
[0.373s] Level 5:colcon.colcon_core.verb:set package 'rslidar_sdk' build argument 'cmake_target' from command line to 'None'
[0.373s] Level 5:colcon.colcon_core.verb:set package 'rslidar_sdk' build argument 'cmake_target_skip_unavailable' from command line to 'False'
[0.373s] Level 5:colcon.colcon_core.verb:set package 'rslidar_sdk' build argument 'cmake_clean_cache' from command line to 'False'
[0.373s] Level 5:colcon.colcon_core.verb:set package 'rslidar_sdk' build argument 'cmake_clean_first' from command line to 'False'
[0.373s] Level 5:colcon.colcon_core.verb:set package 'rslidar_sdk' build argument 'cmake_force_configure' from command line to 'False'
[0.373s] Level 5:colcon.colcon_core.verb:set package 'rslidar_sdk' build argument 'ament_cmake_args' from command line to 'None'
[0.373s] Level 5:colcon.colcon_core.verb:set package 'rslidar_sdk' build argument 'catkin_cmake_args' from command line to 'None'
[0.373s] Level 5:colcon.colcon_core.verb:set package 'rslidar_sdk' build argument 'catkin_skip_building_tests' from command line to 'False'
[0.373s] DEBUG:colcon.colcon_core.verb:Building package 'rslidar_sdk' with the following arguments: {'ament_cmake_args': None, 'build_base': '/root/work/wyx/lqp/Codes/robosense_ws/build/rslidar_sdk', 'catkin_cmake_args': None, 'catkin_skip_building_tests': False, 'cmake_args': None, 'cmake_clean_cache': False, 'cmake_clean_first': False, 'cmake_force_configure': False, 'cmake_target': None, 'cmake_target_skip_unavailable': False, 'install_base': '/root/work/wyx/lqp/Codes/robosense_ws/install/rslidar_sdk', 'merge_install': False, 'path': '/root/work/wyx/lqp/Codes/robosense_ws/src/rslidar_sdk', 'symlink_install': True, 'test_result_base': None}
[0.373s] INFO:colcon.colcon_core.executor:Executing jobs using 'parallel' executor
[0.375s] DEBUG:colcon.colcon_parallel_executor.executor.parallel:run_until_complete
[0.376s] INFO:colcon.colcon_ros.task.ament_cmake.build:Building ROS package in '/root/work/wyx/lqp/Codes/robosense_ws/src/rslidar_msg' with build type 'ament_cmake'
[0.377s] INFO:colcon.colcon_cmake.task.cmake.build:Building CMake package in '/root/work/wyx/lqp/Codes/robosense_ws/src/rslidar_msg'
[0.380s] INFO:colcon.colcon_core.plugin_system:Skipping extension 'colcon_core.shell.bat': Not used on non-Windows systems
[0.380s] INFO:colcon.colcon_core.shell:Skip shell extension 'powershell' for command environment: Not usable outside of PowerShell
[0.380s] DEBUG:colcon.colcon_core.shell:Skip shell extension 'dsv' for command environment
[0.381s] WARNING:colcon.colcon_ros.prefix_path.ament:The path '/root/work/wyx/lqp/Codes/robosense_ws/install/rslidar_sdk' in the environment variable AMENT_PREFIX_PATH doesn't exist
[0.381s] WARNING:colcon.colcon_ros.prefix_path.ament:The path '/root/work/wyx/lqp/Codes/robosense_ws/install/rslidar_msg' in the environment variable AMENT_PREFIX_PATH doesn't exist
[0.381s] WARNING:colcon.colcon_ros.prefix_path.catkin:The path '/root/work/wyx/lqp/Codes/robosense_ws/install/rslidar_sdk' in the environment variable CMAKE_PREFIX_PATH doesn't exist
[0.381s] WARNING:colcon.colcon_ros.prefix_path.catkin:The path '/root/work/wyx/lqp/Codes/robosense_ws/install/rslidar_msg' in the environment variable CMAKE_PREFIX_PATH doesn't exist
[0.444s] DEBUG:colcon.colcon_core.event_handler.log_command:Invoking command in '/root/work/wyx/lqp/Codes/robosense_ws/build/rslidar_msg': CMAKE_PREFIX_PATH=${CMAKE_PREFIX_PATH}:/opt/ros/humble /usr/bin/cmake /root/work/wyx/lqp/Codes/robosense_ws/src/rslidar_msg -DAMENT_CMAKE_SYMLINK_INSTALL=1 -DCMAKE_INSTALL_PREFIX=/root/work/wyx/lqp/Codes/robosense_ws/install/rslidar_msg
[5.665s] DEBUG:colcon.colcon_core.event_handler.log_command:Invoked command in '/root/work/wyx/lqp/Codes/robosense_ws/build/rslidar_msg' returned '0': CMAKE_PREFIX_PATH=${CMAKE_PREFIX_PATH}:/opt/ros/humble /usr/bin/cmake /root/work/wyx/lqp/Codes/robosense_ws/src/rslidar_msg -DAMENT_CMAKE_SYMLINK_INSTALL=1 -DCMAKE_INSTALL_PREFIX=/root/work/wyx/lqp/Codes/robosense_ws/install/rslidar_msg
[5.672s] DEBUG:colcon.colcon_core.event_handler.log_command:Invoking command in '/root/work/wyx/lqp/Codes/robosense_ws/build/rslidar_msg': CMAKE_PREFIX_PATH=${CMAKE_PREFIX_PATH}:/opt/ros/humble /usr/bin/cmake --build /root/work/wyx/lqp/Codes/robosense_ws/build/rslidar_msg -- -j8 -l8
[9.064s] DEBUG:colcon.colcon_core.event_handler.log_command:Invoked command in '/root/work/wyx/lqp/Codes/robosense_ws/build/rslidar_msg' returned '0': CMAKE_PREFIX_PATH=${CMAKE_PREFIX_PATH}:/opt/ros/humble /usr/bin/cmake --build /root/work/wyx/lqp/Codes/robosense_ws/build/rslidar_msg -- -j8 -l8
[9.095s] DEBUG:colcon.colcon_core.event_handler.log_command:Invoking command in '/root/work/wyx/lqp/Codes/robosense_ws/build/rslidar_msg': CMAKE_PREFIX_PATH=${CMAKE_PREFIX_PATH}:/opt/ros/humble /usr/bin/cmake --install /root/work/wyx/lqp/Codes/robosense_ws/build/rslidar_msg
[10.810s] Level 1:colcon.colcon_core.environment:create_environment_scripts_only(rslidar_msg)
[10.813s] DEBUG:colcon.colcon_core.event_handler.log_command:Invoked command in '/root/work/wyx/lqp/Codes/robosense_ws/build/rslidar_msg' returned '0': CMAKE_PREFIX_PATH=${CMAKE_PREFIX_PATH}:/opt/ros/humble /usr/bin/cmake --install /root/work/wyx/lqp/Codes/robosense_ws/build/rslidar_msg
[10.828s] Level 1:colcon.colcon_core.environment:checking '/root/work/wyx/lqp/Codes/robosense_ws/install/rslidar_msg' for CMake module files
[10.835s] Level 1:colcon.colcon_core.environment:checking '/root/work/wyx/lqp/Codes/robosense_ws/install/rslidar_msg' for CMake config files
[10.837s] Level 1:colcon.colcon_core.shell:create_environment_hook('rslidar_msg', 'cmake_prefix_path')
[10.838s] INFO:colcon.colcon_core.shell:Creating environment hook '/root/work/wyx/lqp/Codes/robosense_ws/install/rslidar_msg/share/rslidar_msg/hook/cmake_prefix_path.ps1'
[10.842s] INFO:colcon.colcon_core.shell:Creating environment descriptor '/root/work/wyx/lqp/Codes/robosense_ws/install/rslidar_msg/share/rslidar_msg/hook/cmake_prefix_path.dsv'
[10.845s] INFO:colcon.colcon_core.shell:Creating environment hook '/root/work/wyx/lqp/Codes/robosense_ws/install/rslidar_msg/share/rslidar_msg/hook/cmake_prefix_path.sh'
[10.851s] Level 1:colcon.colcon_core.environment:checking '/root/work/wyx/lqp/Codes/robosense_ws/install/rslidar_msg/lib'
[10.851s] Level 1:colcon.colcon_core.shell:create_environment_hook('rslidar_msg', 'ld_library_path_lib')
[10.853s] INFO:colcon.colcon_core.shell:Creating environment hook '/root/work/wyx/lqp/Codes/robosense_ws/install/rslidar_msg/share/rslidar_msg/hook/ld_library_path_lib.ps1'
[10.855s] INFO:colcon.colcon_core.shell:Creating environment descriptor '/root/work/wyx/lqp/Codes/robosense_ws/install/rslidar_msg/share/rslidar_msg/hook/ld_library_path_lib.dsv'
[10.857s] INFO:colcon.colcon_core.shell:Creating environment hook '/root/work/wyx/lqp/Codes/robosense_ws/install/rslidar_msg/share/rslidar_msg/hook/ld_library_path_lib.sh'
[10.859s] Level 1:colcon.colcon_core.environment:checking '/root/work/wyx/lqp/Codes/robosense_ws/install/rslidar_msg/bin'
[10.859s] Level 1:colcon.colcon_core.environment:checking '/root/work/wyx/lqp/Codes/robosense_ws/install/rslidar_msg/lib/pkgconfig/rslidar_msg.pc'
[10.867s] Level 1:colcon.colcon_core.environment:checking '/root/work/wyx/lqp/Codes/robosense_ws/install/rslidar_msg/lib/python3.10/site-packages'
[10.869s] Level 1:colcon.colcon_core.environment:checking '/root/work/wyx/lqp/Codes/robosense_ws/install/rslidar_msg/bin'
[10.872s] INFO:colcon.colcon_core.shell:Creating package script '/root/work/wyx/lqp/Codes/robosense_ws/install/rslidar_msg/share/rslidar_msg/package.ps1'
[10.877s] INFO:colcon.colcon_core.shell:Creating package descriptor '/root/work/wyx/lqp/Codes/robosense_ws/install/rslidar_msg/share/rslidar_msg/package.dsv'
[10.879s] INFO:colcon.colcon_core.shell:Creating package script '/root/work/wyx/lqp/Codes/robosense_ws/install/rslidar_msg/share/rslidar_msg/package.sh'
[10.883s] INFO:colcon.colcon_core.shell:Creating package script '/root/work/wyx/lqp/Codes/robosense_ws/install/rslidar_msg/share/rslidar_msg/package.bash'
[10.886s] INFO:colcon.colcon_core.shell:Creating package script '/root/work/wyx/lqp/Codes/robosense_ws/install/rslidar_msg/share/rslidar_msg/package.zsh'
[10.888s] Level 1:colcon.colcon_core.environment:create_file_with_runtime_dependencies(/root/work/wyx/lqp/Codes/robosense_ws/install/rslidar_msg/share/colcon-core/packages/rslidar_msg)
[10.891s] Level 1:colcon.colcon_core.environment:create_environment_scripts_only(rslidar_msg)
[10.891s] Level 1:colcon.colcon_core.environment:checking '/root/work/wyx/lqp/Codes/robosense_ws/install/rslidar_msg' for CMake module files
[10.893s] Level 1:colcon.colcon_core.environment:checking '/root/work/wyx/lqp/Codes/robosense_ws/install/rslidar_msg' for CMake config files
[10.893s] Level 1:colcon.colcon_core.shell:create_environment_hook('rslidar_msg', 'cmake_prefix_path')
[10.894s] INFO:colcon.colcon_core.shell:Creating environment hook '/root/work/wyx/lqp/Codes/robosense_ws/install/rslidar_msg/share/rslidar_msg/hook/cmake_prefix_path.ps1'
[10.894s] INFO:colcon.colcon_core.shell:Creating environment descriptor '/root/work/wyx/lqp/Codes/robosense_ws/install/rslidar_msg/share/rslidar_msg/hook/cmake_prefix_path.dsv'
[10.895s] INFO:colcon.colcon_core.shell:Creating environment hook '/root/work/wyx/lqp/Codes/robosense_ws/install/rslidar_msg/share/rslidar_msg/hook/cmake_prefix_path.sh'
[10.896s] Level 1:colcon.colcon_core.environment:checking '/root/work/wyx/lqp/Codes/robosense_ws/install/rslidar_msg/lib'
[10.897s] Level 1:colcon.colcon_core.shell:create_environment_hook('rslidar_msg', 'ld_library_path_lib')
[10.897s] INFO:colcon.colcon_core.shell:Creating environment hook '/root/work/wyx/lqp/Codes/robosense_ws/install/rslidar_msg/share/rslidar_msg/hook/ld_library_path_lib.ps1'
[10.898s] INFO:colcon.colcon_core.shell:Creating environment descriptor '/root/work/wyx/lqp/Codes/robosense_ws/install/rslidar_msg/share/rslidar_msg/hook/ld_library_path_lib.dsv'
[10.898s] INFO:colcon.colcon_core.shell:Creating environment hook '/root/work/wyx/lqp/Codes/robosense_ws/install/rslidar_msg/share/rslidar_msg/hook/ld_library_path_lib.sh'
[10.899s] Level 1:colcon.colcon_core.environment:checking '/root/work/wyx/lqp/Codes/robosense_ws/install/rslidar_msg/bin'
[10.899s] Level 1:colcon.colcon_core.environment:checking '/root/work/wyx/lqp/Codes/robosense_ws/install/rslidar_msg/lib/pkgconfig/rslidar_msg.pc'
[10.900s] Level 1:colcon.colcon_core.environment:checking '/root/work/wyx/lqp/Codes/robosense_ws/install/rslidar_msg/lib/python3.10/site-packages'
[10.901s] Level 1:colcon.colcon_core.environment:checking '/root/work/wyx/lqp/Codes/robosense_ws/install/rslidar_msg/bin'
[10.901s] INFO:colcon.colcon_core.shell:Creating package script '/root/work/wyx/lqp/Codes/robosense_ws/install/rslidar_msg/share/rslidar_msg/package.ps1'
[10.903s] INFO:colcon.colcon_core.shell:Creating package descriptor '/root/work/wyx/lqp/Codes/robosense_ws/install/rslidar_msg/share/rslidar_msg/package.dsv'
[10.904s] INFO:colcon.colcon_core.shell:Creating package script '/root/work/wyx/lqp/Codes/robosense_ws/install/rslidar_msg/share/rslidar_msg/package.sh'
[10.905s] INFO:colcon.colcon_core.shell:Creating package script '/root/work/wyx/lqp/Codes/robosense_ws/install/rslidar_msg/share/rslidar_msg/package.bash'
[10.905s] INFO:colcon.colcon_core.shell:Creating package script '/root/work/wyx/lqp/Codes/robosense_ws/install/rslidar_msg/share/rslidar_msg/package.zsh'
[10.906s] Level 1:colcon.colcon_core.environment:create_file_with_runtime_dependencies(/root/work/wyx/lqp/Codes/robosense_ws/install/rslidar_msg/share/colcon-core/packages/rslidar_msg)
[10.907s] INFO:colcon.colcon_ros.task.ament_cmake.build:Building ROS package in '/root/work/wyx/lqp/Codes/robosense_ws/src/rslidar_sdk' with build type 'ament_cmake'
[10.907s] INFO:colcon.colcon_cmake.task.cmake.build:Building CMake package in '/root/work/wyx/lqp/Codes/robosense_ws/src/rslidar_sdk'
[10.908s] INFO:colcon.colcon_core.shell:Skip shell extension 'powershell' for command environment: Not usable outside of PowerShell
[10.908s] DEBUG:colcon.colcon_core.shell:Skip shell extension 'dsv' for command environment
[10.934s] DEBUG:colcon.colcon_core.event_handler.log_command:Invoking command in '/root/work/wyx/lqp/Codes/robosense_ws/build/rslidar_sdk': CMAKE_PREFIX_PATH=/root/work/wyx/lqp/Codes/robosense_ws/install/rslidar_msg:/root/work/wyx/lqp/Codes/robosense_ws/install/rslidar_sdk:/opt/ros/humble /usr/bin/cmake /root/work/wyx/lqp/Codes/robosense_ws/src/rslidar_sdk -DAMENT_CMAKE_SYMLINK_INSTALL=1 -DCMAKE_INSTALL_PREFIX=/root/work/wyx/lqp/Codes/robosense_ws/install/rslidar_sdk
[13.919s] DEBUG:colcon.colcon_core.event_handler.log_command:Invoked command in '/root/work/wyx/lqp/Codes/robosense_ws/build/rslidar_sdk' returned '0': CMAKE_PREFIX_PATH=/root/work/wyx/lqp/Codes/robosense_ws/install/rslidar_msg:/root/work/wyx/lqp/Codes/robosense_ws/install/rslidar_sdk:/opt/ros/humble /usr/bin/cmake /root/work/wyx/lqp/Codes/robosense_ws/src/rslidar_sdk -DAMENT_CMAKE_SYMLINK_INSTALL=1 -DCMAKE_INSTALL_PREFIX=/root/work/wyx/lqp/Codes/robosense_ws/install/rslidar_sdk
[13.925s] DEBUG:colcon.colcon_core.event_handler.log_command:Invoking command in '/root/work/wyx/lqp/Codes/robosense_ws/build/rslidar_sdk': CMAKE_PREFIX_PATH=/root/work/wyx/lqp/Codes/robosense_ws/install/rslidar_msg:/root/work/wyx/lqp/Codes/robosense_ws/install/rslidar_sdk:/opt/ros/humble /usr/bin/cmake --build /root/work/wyx/lqp/Codes/robosense_ws/build/rslidar_sdk -- -j8 -l8
[44.936s] DEBUG:colcon.colcon_core.event_handler.log_command:Invoked command in '/root/work/wyx/lqp/Codes/robosense_ws/build/rslidar_sdk' returned '0': CMAKE_PREFIX_PATH=/root/work/wyx/lqp/Codes/robosense_ws/install/rslidar_msg:/root/work/wyx/lqp/Codes/robosense_ws/install/rslidar_sdk:/opt/ros/humble /usr/bin/cmake --build /root/work/wyx/lqp/Codes/robosense_ws/build/rslidar_sdk -- -j8 -l8
[44.943s] DEBUG:colcon.colcon_core.event_handler.log_command:Invoking command in '/root/work/wyx/lqp/Codes/robosense_ws/build/rslidar_sdk': CMAKE_PREFIX_PATH=/root/work/wyx/lqp/Codes/robosense_ws/install/rslidar_msg:/root/work/wyx/lqp/Codes/robosense_ws/install/rslidar_sdk:/opt/ros/humble /usr/bin/cmake --install /root/work/wyx/lqp/Codes/robosense_ws/build/rslidar_sdk
[45.502s] Level 1:colcon.colcon_core.environment:create_environment_scripts_only(rslidar_sdk)
[45.504s] Level 1:colcon.colcon_core.environment:checking '/root/work/wyx/lqp/Codes/robosense_ws/install/rslidar_sdk' for CMake module files
[45.506s] DEBUG:colcon.colcon_core.event_handler.log_command:Invoked command in '/root/work/wyx/lqp/Codes/robosense_ws/build/rslidar_sdk' returned '0': CMAKE_PREFIX_PATH=/root/work/wyx/lqp/Codes/robosense_ws/install/rslidar_msg:/root/work/wyx/lqp/Codes/robosense_ws/install/rslidar_sdk:/opt/ros/humble /usr/bin/cmake --install /root/work/wyx/lqp/Codes/robosense_ws/build/rslidar_sdk
[45.509s] Level 1:colcon.colcon_core.environment:checking '/root/work/wyx/lqp/Codes/robosense_ws/install/rslidar_sdk' for CMake config files
[45.512s] Level 1:colcon.colcon_core.shell:create_environment_hook('rslidar_sdk', 'cmake_prefix_path')
[45.513s] INFO:colcon.colcon_core.shell:Creating environment hook '/root/work/wyx/lqp/Codes/robosense_ws/install/rslidar_sdk/share/rslidar_sdk/hook/cmake_prefix_path.ps1'
[45.516s] INFO:colcon.colcon_core.shell:Creating environment descriptor '/root/work/wyx/lqp/Codes/robosense_ws/install/rslidar_sdk/share/rslidar_sdk/hook/cmake_prefix_path.dsv'
[45.517s] INFO:colcon.colcon_core.shell:Creating environment hook '/root/work/wyx/lqp/Codes/robosense_ws/install/rslidar_sdk/share/rslidar_sdk/hook/cmake_prefix_path.sh'
[45.521s] Level 1:colcon.colcon_core.environment:checking '/root/work/wyx/lqp/Codes/robosense_ws/install/rslidar_sdk/lib'
[45.522s] Level 1:colcon.colcon_core.environment:checking '/root/work/wyx/lqp/Codes/robosense_ws/install/rslidar_sdk/bin'
[45.523s] Level 1:colcon.colcon_core.environment:checking '/root/work/wyx/lqp/Codes/robosense_ws/install/rslidar_sdk/lib/pkgconfig/rslidar_sdk.pc'
[45.525s] Level 1:colcon.colcon_core.environment:checking '/root/work/wyx/lqp/Codes/robosense_ws/install/rslidar_sdk/lib/python3.10/site-packages'
[45.527s] Level 1:colcon.colcon_core.environment:checking '/root/work/wyx/lqp/Codes/robosense_ws/install/rslidar_sdk/bin'
[45.528s] INFO:colcon.colcon_core.shell:Creating package script '/root/work/wyx/lqp/Codes/robosense_ws/install/rslidar_sdk/share/rslidar_sdk/package.ps1'
[45.530s] INFO:colcon.colcon_core.shell:Creating package descriptor '/root/work/wyx/lqp/Codes/robosense_ws/install/rslidar_sdk/share/rslidar_sdk/package.dsv'
[45.531s] INFO:colcon.colcon_core.shell:Creating package script '/root/work/wyx/lqp/Codes/robosense_ws/install/rslidar_sdk/share/rslidar_sdk/package.sh'
[45.534s] INFO:colcon.colcon_core.shell:Creating package script '/root/work/wyx/lqp/Codes/robosense_ws/install/rslidar_sdk/share/rslidar_sdk/package.bash'
[45.535s] INFO:colcon.colcon_core.shell:Creating package script '/root/work/wyx/lqp/Codes/robosense_ws/install/rslidar_sdk/share/rslidar_sdk/package.zsh'
[45.536s] Level 1:colcon.colcon_core.environment:create_file_with_runtime_dependencies(/root/work/wyx/lqp/Codes/robosense_ws/install/rslidar_sdk/share/colcon-core/packages/rslidar_sdk)
[45.540s] Level 1:colcon.colcon_core.environment:create_environment_scripts_only(rslidar_sdk)
[45.542s] Level 1:colcon.colcon_core.environment:checking '/root/work/wyx/lqp/Codes/robosense_ws/install/rslidar_sdk' for CMake module files
[45.546s] Level 1:colcon.colcon_core.environment:checking '/root/work/wyx/lqp/Codes/robosense_ws/install/rslidar_sdk' for CMake config files
[45.548s] Level 1:colcon.colcon_core.shell:create_environment_hook('rslidar_sdk', 'cmake_prefix_path')
[45.549s] INFO:colcon.colcon_core.shell:Creating environment hook '/root/work/wyx/lqp/Codes/robosense_ws/install/rslidar_sdk/share/rslidar_sdk/hook/cmake_prefix_path.ps1'
[45.552s] INFO:colcon.colcon_core.shell:Creating environment descriptor '/root/work/wyx/lqp/Codes/robosense_ws/install/rslidar_sdk/share/rslidar_sdk/hook/cmake_prefix_path.dsv'
[45.554s] INFO:colcon.colcon_core.shell:Creating environment hook '/root/work/wyx/lqp/Codes/robosense_ws/install/rslidar_sdk/share/rslidar_sdk/hook/cmake_prefix_path.sh'
[45.556s] Level 1:colcon.colcon_core.environment:checking '/root/work/wyx/lqp/Codes/robosense_ws/install/rslidar_sdk/lib'
[45.557s] Level 1:colcon.colcon_core.environment:checking '/root/work/wyx/lqp/Codes/robosense_ws/install/rslidar_sdk/bin'
[45.557s] Level 1:colcon.colcon_core.environment:checking '/root/work/wyx/lqp/Codes/robosense_ws/install/rslidar_sdk/lib/pkgconfig/rslidar_sdk.pc'
[45.558s] Level 1:colcon.colcon_core.environment:checking '/root/work/wyx/lqp/Codes/robosense_ws/install/rslidar_sdk/lib/python3.10/site-packages'
[45.560s] Level 1:colcon.colcon_core.environment:checking '/root/work/wyx/lqp/Codes/robosense_ws/install/rslidar_sdk/bin'
[45.562s] INFO:colcon.colcon_core.shell:Creating package script '/root/work/wyx/lqp/Codes/robosense_ws/install/rslidar_sdk/share/rslidar_sdk/package.ps1'
[45.564s] INFO:colcon.colcon_core.shell:Creating package descriptor '/root/work/wyx/lqp/Codes/robosense_ws/install/rslidar_sdk/share/rslidar_sdk/package.dsv'
[45.566s] INFO:colcon.colcon_core.shell:Creating package script '/root/work/wyx/lqp/Codes/robosense_ws/install/rslidar_sdk/share/rslidar_sdk/package.sh'
[45.568s] INFO:colcon.colcon_core.shell:Creating package script '/root/work/wyx/lqp/Codes/robosense_ws/install/rslidar_sdk/share/rslidar_sdk/package.bash'
[45.570s] INFO:colcon.colcon_core.shell:Creating package script '/root/work/wyx/lqp/Codes/robosense_ws/install/rslidar_sdk/share/rslidar_sdk/package.zsh'
[45.571s] Level 1:colcon.colcon_core.environment:create_file_with_runtime_dependencies(/root/work/wyx/lqp/Codes/robosense_ws/install/rslidar_sdk/share/colcon-core/packages/rslidar_sdk)
[45.572s] DEBUG:colcon.colcon_parallel_executor.executor.parallel:closing loop
[45.573s] DEBUG:colcon.colcon_parallel_executor.executor.parallel:loop closed
[45.573s] DEBUG:colcon.colcon_parallel_executor.executor.parallel:run_until_complete finished with '0'
[45.573s] DEBUG:colcon.colcon_core.event_reactor:joining thread
[45.595s] INFO:colcon.colcon_core.plugin_system:Skipping extension 'colcon_notification.desktop_notification.notify_send': Could not find 'notify-send'
[45.596s] INFO:colcon.colcon_core.plugin_system:Skipping extension 'colcon_notification.desktop_notification.terminal_notifier': Not used on non-Darwin systems
[45.596s] INFO:colcon.colcon_core.plugin_system:Skipping extension 'colcon_notification.desktop_notification.win32': Not used on non-Windows systems
[45.596s] INFO:colcon.colcon_notification.desktop_notification:Sending desktop notification using 'notify2'
[45.604s] DEBUG:colcon.colcon_notification.desktop_notification.notify2:Failed to initialize notify2: org.freedesktop.DBus.Error.Spawn.ExecFailed: /usr/bin/dbus-launch terminated abnormally without any error message
[45.605s] DEBUG:colcon.colcon_core.event_reactor:joined thread
[45.606s] INFO:colcon.colcon_core.shell:Creating prefix script '/root/work/wyx/lqp/Codes/robosense_ws/install/local_setup.ps1'
[45.610s] INFO:colcon.colcon_core.shell:Creating prefix util module '/root/work/wyx/lqp/Codes/robosense_ws/install/_local_setup_util_ps1.py'
[45.615s] INFO:colcon.colcon_core.shell:Creating prefix chain script '/root/work/wyx/lqp/Codes/robosense_ws/install/setup.ps1'
[45.618s] INFO:colcon.colcon_core.shell:Creating prefix script '/root/work/wyx/lqp/Codes/robosense_ws/install/local_setup.sh'
[45.620s] INFO:colcon.colcon_core.shell:Creating prefix util module '/root/work/wyx/lqp/Codes/robosense_ws/install/_local_setup_util_sh.py'
[45.622s] INFO:colcon.colcon_core.shell:Creating prefix chain script '/root/work/wyx/lqp/Codes/robosense_ws/install/setup.sh'
[45.626s] INFO:colcon.colcon_core.shell:Creating prefix script '/root/work/wyx/lqp/Codes/robosense_ws/install/local_setup.bash'
[45.627s] INFO:colcon.colcon_core.shell:Creating prefix chain script '/root/work/wyx/lqp/Codes/robosense_ws/install/setup.bash'
[45.630s] INFO:colcon.colcon_core.shell:Creating prefix script '/root/work/wyx/lqp/Codes/robosense_ws/install/local_setup.zsh'
[45.631s] INFO:colcon.colcon_core.shell:Creating prefix chain script '/root/work/wyx/lqp/Codes/robosense_ws/install/setup.zsh'
