[0.014s] Invoking command in '/root/work/wyx/lqp/Codes/rs_converter_ws/build/rs_converter': CMAKE_PREFIX_PATH=${CMAKE_PREFIX_PATH}:/opt/ros/humble /usr/bin/cmake /root/work/wyx/lqp/Codes/rs_converter_ws/src/rs_to_velodyne_ros2 -DCMAKE_BUILD_TYPE=Release -DAMENT_CMAKE_SYMLINK_INSTALL=1 -DCMAKE_INSTALL_PREFIX=/root/work/wyx/lqp/Codes/rs_converter_ws/install/rs_converter
[0.156s] -- The C compiler identification is GNU 11.4.0
[0.317s] -- The CXX compiler identification is GNU 11.4.0
[0.350s] -- Detecting C compiler ABI info
[0.561s] -- Detecting C compiler ABI info - done
[0.605s] -- Check for working C compiler: /usr/bin/cc - skipped
[0.606s] -- Detecting C compile features
[0.608s] -- Detecting C compile features - done
[0.622s] -- Detecting CXX compiler ABI info
[0.845s] -- Detecting CXX compiler ABI info - done
[0.902s] -- Check for working CXX compiler: /usr/bin/c++ - skipped
[0.903s] -- Detecting CXX compile features
[0.904s] -- Detecting CXX compile features - done
[0.912s] -- Found ament_cmake: 1.3.12 (/opt/ros/humble/share/ament_cmake/cmake)
[1.257s] -- Found Python3: /usr/bin/python3 (found version "3.10.12") found components: Interpreter 
[1.395s] -- Override CMake install command with custom implementation using symlinks instead of copying resources
[1.510s] -- Found rclcpp: 16.0.17 (/opt/ros/humble/share/rclcpp/cmake)
[1.569s] -- Found rosidl_generator_c: 3.1.8 (/opt/ros/humble/share/rosidl_generator_c/cmake)
[1.576s] -- Found rosidl_adapter: 3.1.8 (/opt/ros/humble/share/rosidl_adapter/cmake)
[1.588s] -- Found rosidl_generator_cpp: 3.1.8 (/opt/ros/humble/share/rosidl_generator_cpp/cmake)
[1.603s] -- Using all available rosidl_typesupport_c: rosidl_typesupport_fastrtps_c;rosidl_typesupport_introspection_c
[1.624s] -- Using all available rosidl_typesupport_cpp: rosidl_typesupport_fastrtps_cpp;rosidl_typesupport_introspection_cpp
[1.681s] -- Found rmw_implementation_cmake: 6.1.2 (/opt/ros/humble/share/rmw_implementation_cmake/cmake)
[1.684s] -- Found rmw_fastrtps_cpp: 6.2.9 (/opt/ros/humble/share/rmw_fastrtps_cpp/cmake)
[1.858s] -- Found OpenSSL: /usr/lib/aarch64-linux-gnu/libcrypto.so (found version "3.0.2")  
[1.927s] -- Found FastRTPS: /opt/ros/humble/include  
[2.004s] -- Using RMW implementation 'rmw_fastrtps_cpp' as default
[2.016s] -- Looking for pthread.h
[2.191s] -- Looking for pthread.h - found
[2.192s] -- Performing Test CMAKE_HAVE_LIBC_PTHREAD
[2.390s] -- Performing Test CMAKE_HAVE_LIBC_PTHREAD - Success
[2.392s] -- Found Threads: TRUE  
[2.502s] -- Found sensor_msgs: 4.9.0 (/opt/ros/humble/share/sensor_msgs/cmake)
[2.547s] -- Found pcl_conversions: 2.4.5 (/opt/ros/humble/share/pcl_conversions/cmake)
[2.606s] -- Checking for module 'eigen3'
[2.631s] --   Found eigen3, version 3.4.0
[2.721s] -- Found Eigen: /usr/include/eigen3 (Required is at least version "3.1") 
[2.721s] -- Eigen found (include: /usr/include/eigen3, version: 3.4.0)
[2.804s] -- Checking for module 'flann'
[2.829s] --   Found flann, version 1.9.1
[2.938s] -- Found FLANN: /usr/lib/aarch64-linux-gnu/libflann_cpp.so  
[2.939s] -- FLANN found (include: /usr/include, lib: /usr/lib/aarch64-linux-gnu/libflann_cpp.so)
[5.598s] -- Checking for module 'libusb-1.0'
[5.628s] --   Found libusb-1.0, version 1.0.25
[5.727s] -- Found libusb: /usr/lib/aarch64-linux-gnu/libusb-1.0.so  
[5.734s] -- OpenNI found (version: 1.5.4.0, include: /usr/include/ni, lib: /usr/lib/libOpenNI.so;libusb::libusb)
[5.887s] -- OpenNI2 found (version: 2.2.0.33, include: /usr/include/openni2, lib: /usr/lib/aarch64-linux-gnu/libOpenNI2.so;libusb::libusb)
[6.156s] -- Eigen found (include: /usr/include/eigen3, version: 3.4.0)
[6.165s] -- OpenNI found (version: 1.5.4.0, include: /usr/include/ni, lib: /usr/lib/libOpenNI.so;libusb::libusb)
[6.180s] -- OpenNI2 found (version: 2.2.0.33, include: /usr/include/openni2, lib: /usr/lib/aarch64-linux-gnu/libOpenNI2.so;libusb::libusb)
[6.377s] -- Found Qhull version 8.0.2
[6.583s] -- OpenNI found (version: 1.5.4.0, include: /usr/include/ni, lib: /usr/lib/libOpenNI.so;libusb::libusb)
[6.779s] -- Found PCL_COMMON: /usr/lib/aarch64-linux-gnu/libpcl_common.so  
[6.779s] -- Found PCL_KDTREE: /usr/lib/aarch64-linux-gnu/libpcl_kdtree.so  
[6.780s] -- Found PCL_OCTREE: /usr/lib/aarch64-linux-gnu/libpcl_octree.so  
[6.781s] -- Found PCL_SEARCH: /usr/lib/aarch64-linux-gnu/libpcl_search.so  
[6.782s] -- Found PCL_SAMPLE_CONSENSUS: /usr/lib/aarch64-linux-gnu/libpcl_sample_consensus.so  
[6.783s] -- Found PCL_FILTERS: /usr/lib/aarch64-linux-gnu/libpcl_filters.so  
[6.784s] -- Found PCL_2D: /usr/include/pcl-1.12  
[6.784s] -- Found PCL_GEOMETRY: /usr/include/pcl-1.12  
[6.785s] -- Found PCL_IO: /usr/lib/aarch64-linux-gnu/libpcl_io.so  
[6.786s] -- Found PCL_FEATURES: /usr/lib/aarch64-linux-gnu/libpcl_features.so  
[6.787s] -- Found PCL_ML: /usr/lib/aarch64-linux-gnu/libpcl_ml.so  
[6.788s] -- Found PCL_SEGMENTATION: /usr/lib/aarch64-linux-gnu/libpcl_segmentation.so  
[6.789s] -- Found PCL_VISUALIZATION: /usr/lib/aarch64-linux-gnu/libpcl_visualization.so  
[6.791s] -- Found PCL_SURFACE: /usr/lib/aarch64-linux-gnu/libpcl_surface.so  
[6.792s] -- Found PCL_REGISTRATION: /usr/lib/aarch64-linux-gnu/libpcl_registration.so  
[6.793s] -- Found PCL_KEYPOINTS: /usr/lib/aarch64-linux-gnu/libpcl_keypoints.so  
[6.794s] -- Found PCL_TRACKING: /usr/lib/aarch64-linux-gnu/libpcl_tracking.so  
[6.795s] -- Found PCL_RECOGNITION: /usr/lib/aarch64-linux-gnu/libpcl_recognition.so  
[6.796s] -- Found PCL_STEREO: /usr/lib/aarch64-linux-gnu/libpcl_stereo.so  
[6.797s] -- Found PCL_APPS: /usr/lib/aarch64-linux-gnu/libpcl_apps.so  
[6.798s] -- Found PCL_IN_HAND_SCANNER: /usr/include/pcl-1.12  
[6.799s] -- Found PCL_MODELER: /usr/include/pcl-1.12  
[6.799s] -- Found PCL_POINT_CLOUD_EDITOR: /usr/include/pcl-1.12  
[6.800s] -- Found PCL_OUTOFCORE: /usr/lib/aarch64-linux-gnu/libpcl_outofcore.so  
[6.801s] -- Found PCL_PEOPLE: /usr/lib/aarch64-linux-gnu/libpcl_people.so  
[6.814s] [33mCMake Warning (dev) at CMakeLists.txt:13 (find_package):
[6.814s]   Policy CMP0074 is not set: find_package uses <PackageName>_ROOT variables.
[6.815s]   Run "cmake --help-policy CMP0074" for policy details.  Use the cmake_policy
[6.815s]   command to set the policy and suppress this warning.
[6.815s] 
[6.815s]   CMake variable PCL_ROOT is set to:
[6.815s] 
[6.815s]     /usr
[6.815s] 
[6.815s]   For compatibility, CMake is ignoring the variable.
[6.815s] This warning is for project developers.  Use -Wno-dev to suppress it.
[6.815s] [0m
[6.972s] -- Configuring done
[7.013s] -- Generating done
[7.026s] -- Build files have been written to: /root/work/wyx/lqp/Codes/rs_converter_ws/build/rs_converter
[7.053s] Invoked command in '/root/work/wyx/lqp/Codes/rs_converter_ws/build/rs_converter' returned '0': CMAKE_PREFIX_PATH=${CMAKE_PREFIX_PATH}:/opt/ros/humble /usr/bin/cmake /root/work/wyx/lqp/Codes/rs_converter_ws/src/rs_to_velodyne_ros2 -DCMAKE_BUILD_TYPE=Release -DAMENT_CMAKE_SYMLINK_INSTALL=1 -DCMAKE_INSTALL_PREFIX=/root/work/wyx/lqp/Codes/rs_converter_ws/install/rs_converter
[7.058s] Invoking command in '/root/work/wyx/lqp/Codes/rs_converter_ws/build/rs_converter': CMAKE_PREFIX_PATH=${CMAKE_PREFIX_PATH}:/opt/ros/humble /usr/bin/cmake --build /root/work/wyx/lqp/Codes/rs_converter_ws/build/rs_converter -- -j8 -l8
[7.187s] [ 50%] [32mBuilding CXX object CMakeFiles/rs_converter.dir/src/rs_converter.cpp.o[0m
[28.079s] [100%] [32m[1mLinking CXX executable rs_converter[0m
[28.674s] [100%] Built target rs_converter
[28.711s] Invoked command in '/root/work/wyx/lqp/Codes/rs_converter_ws/build/rs_converter' returned '0': CMAKE_PREFIX_PATH=${CMAKE_PREFIX_PATH}:/opt/ros/humble /usr/bin/cmake --build /root/work/wyx/lqp/Codes/rs_converter_ws/build/rs_converter -- -j8 -l8
[28.750s] Invoking command in '/root/work/wyx/lqp/Codes/rs_converter_ws/build/rs_converter': CMAKE_PREFIX_PATH=${CMAKE_PREFIX_PATH}:/opt/ros/humble /usr/bin/cmake --install /root/work/wyx/lqp/Codes/rs_converter_ws/build/rs_converter
[28.776s] -- Install configuration: "Release"
[28.778s] -- Execute custom install script
[28.780s] -- Symlinking: /root/work/wyx/lqp/Codes/rs_converter_ws/install/rs_converter/lib/rs_converter/rs_converter
[28.805s] -- Symlinking: /root/work/wyx/lqp/Codes/rs_converter_ws/install/rs_converter/share/rs_converter/launch/rs_converter.launch.py
[28.821s] -- Symlinking: /root/work/wyx/lqp/Codes/rs_converter_ws/install/rs_converter/share/ament_index/resource_index/package_run_dependencies/rs_converter
[28.834s] -- Symlinking: /root/work/wyx/lqp/Codes/rs_converter_ws/install/rs_converter/share/ament_index/resource_index/parent_prefix_path/rs_converter
[28.846s] -- Symlinking: /root/work/wyx/lqp/Codes/rs_converter_ws/install/rs_converter/share/rs_converter/environment/ament_prefix_path.sh
[28.858s] -- Symlinking: /root/work/wyx/lqp/Codes/rs_converter_ws/install/rs_converter/share/rs_converter/environment/ament_prefix_path.dsv
[28.868s] -- Symlinking: /root/work/wyx/lqp/Codes/rs_converter_ws/install/rs_converter/share/rs_converter/environment/path.sh
[28.892s] -- Symlinking: /root/work/wyx/lqp/Codes/rs_converter_ws/install/rs_converter/share/rs_converter/environment/path.dsv
[28.917s] -- Symlinking: /root/work/wyx/lqp/Codes/rs_converter_ws/install/rs_converter/share/rs_converter/local_setup.bash
[28.955s] -- Symlinking: /root/work/wyx/lqp/Codes/rs_converter_ws/install/rs_converter/share/rs_converter/local_setup.sh
[28.973s] -- Symlinking: /root/work/wyx/lqp/Codes/rs_converter_ws/install/rs_converter/share/rs_converter/local_setup.zsh
[28.984s] -- Symlinking: /root/work/wyx/lqp/Codes/rs_converter_ws/install/rs_converter/share/rs_converter/local_setup.dsv
[28.996s] -- Symlinking: /root/work/wyx/lqp/Codes/rs_converter_ws/install/rs_converter/share/rs_converter/package.dsv
[29.023s] -- Symlinking: /root/work/wyx/lqp/Codes/rs_converter_ws/install/rs_converter/share/ament_index/resource_index/packages/rs_converter
[29.041s] -- Symlinking: /root/work/wyx/lqp/Codes/rs_converter_ws/install/rs_converter/share/rs_converter/cmake/rs_converterConfig.cmake
[29.065s] -- Symlinking: /root/work/wyx/lqp/Codes/rs_converter_ws/install/rs_converter/share/rs_converter/cmake/rs_converterConfig-version.cmake
[29.091s] -- Symlinking: /root/work/wyx/lqp/Codes/rs_converter_ws/install/rs_converter/share/rs_converter/package.xml
[29.130s] Invoked command in '/root/work/wyx/lqp/Codes/rs_converter_ws/build/rs_converter' returned '0': CMAKE_PREFIX_PATH=${CMAKE_PREFIX_PATH}:/opt/ros/humble /usr/bin/cmake --install /root/work/wyx/lqp/Codes/rs_converter_ws/build/rs_converter
